CAJKXZ01.fa	0
CAJKRY01.fa	0
CAJKGB01.fa	0
CAJLGA01.fa	0
CAJKXJ01.fa	1000
CAJJTO01.fa	0
CAJKRE01.fa	0
